Microchip MPLAB XC8 Compiler V2.32

Linker command line:

-W-3 --edf=C:\Program Files\Microchip\xc8\v2.32\pic\dat\en_msgs.txt -cn \
  -h+dist/default/production\Projeto-embarcada2.X.production.sym \
  --cmf=dist/default/production\Projeto-embarcada2.X.production.cmf -z \
  -Q18F4520 -oC:\Users\Pichau\AppData\Local\Temp\xcAs7mg.4 \
  --defsym=__MPLAB_BUILD=1 \
  -Mdist/default/production/Projeto-embarcada2.X.production.map -E1 \
  -ver=XC8 Compiler --acfsm=1493 -ASTACK=035Fh-05FFh -pstack=STACK \
  -ACODE=00h-07FFFh -ACONST=00h-07FFFh -ASMALLCONST=0600h-06FFhx122 \
  -AMEDIUMCONST=0600h-07FFFh -ACOMRAM=01h-07Fh -AABS1=00h-05FFh \
  -ABIGRAM=01h-05FFh -ARAM=080h-0FFh,0100h-01FFhx5 -ABANK0=080h-0FFh \
  -ABANK1=0100h-01FFh -ABANK2=0200h-02FFh -ABANK3=0300h-03FFh \
  -ABANK4=0400h-04FFh -ABANK5=0500h-05FFh -ASFR=0F80h-0FFFh \
  -ACONFIG=0300000h-030000Dh -AIDLOC=0200000h-0200007h \
  -AEEDATA=0F00000h-0F000FFh -peeprom_data=EEDATA \
  -preset_vec=00h,intcode,intcodelo,powerup,init -pramtop=0600h \
  -psmallconst=SMALLCONST -pmediumconst=MEDIUMCONST -pconst=CONST \
  -AFARRAM=00h-00h \
  -prdata=COMRAM,nvrram=COMRAM,nvbit=COMRAM,rbss=COMRAM,rbit=COMRAM \
  -pfarbss=FARRAM,fardata=FARRAM,nvFARRAM=FARRAM \
  -pintsave_regs=BIGRAM,bigbss=BIGRAM,bigdata=BIGRAM -pbss=RAM \
  -pidata=CODE,irdata=CODE,ibigdata=CODE,ifardata=CODE -prparam=COMRAM \
  C:\Users\Pichau\AppData\Local\Temp\xcAs7mg.o \
  dist/default/production\Projeto-embarcada2.X.production.o 

Object code version is 3.11

Machine type is 18F4520



                Name                               Link     Load   Length Selector   Space Scale
C:\Users\Pichau\AppData\Local\Temp\xcAs7mg.o
                idloc                            200000   200000        8        0       5
                config                           300000   300000        E        0       4
                init                                  0        0        4        0       0
dist/default/production\Projeto-embarcada2.X.production.o
                idloc                            200000   200000        8        0       5
                config                           300000   300000        E        0       4
                smallconst                          600      600       12      300       0
                text28                             2F90     2F90       64     16E7       0
                text27                             3274     3274       18     16E7       0
                text26                             3258     3258       1C     16E7       0
                text25                             2232     2232      24E      309       0
                text24                             2CD2     2CD2       7E      309       0
                text23                             31B8     31B8       54     16E7       0
                text22                             28A4     28A4      10C      309       0
                text21                             3232     3232       26     16E7       0
                text20                             328C     328C       14     16E7       0
                text19                             2E46     2E46       74     16E7       0
                text18                             320C     320C       26     16E7       0
                text17                             2EBA     2EBA       6C     16E7       0
                text16                             25FA     25FA      15A      309       0
                text15                             2480     2480      17A      309       0
                text14                             32AA     32AA        A     16E7       0
                text13                             32A0     32A0        A     16E7       0
                text12                             2F26     2F26       6A     16E7       0
                text11                             2BA0     2BA0       9C      309       0
                text10                             1C2C     1C2C      3B8      309       0
                text9                              2AB4     2AB4       EC      309       0
                text8                              176C     176C      4C0      309       0
                text7                              29B0     29B0      104      309       0
                text6                              1FE4     1FE4      24E      309       0
                text5                              2DCE     2DCE       78     16E7       0
                text4                              310A     310A       58     16E7       0
                text3                              3162     3162       56     16E7       0
                text2                              2754     2754      150      309       0
                text1                               612      612      972      309       0
                text0                               F84      F84      7E8      309       0
                cstackCOMRAM                          1        1       6E        1       1
                cstackBANK1                         100      100       92      100       1
                cstackBANK2                         200      200       A3      200       1
                dataBANK3                           300      300       5F      300       1
                dataBANK2                           2A3      2A3       5D      200       1
                dataBANK1                           192      192       5A      100       1
                dataBANK0                            80       80       7D       80       1
                bssCOMRAM                            6F       6F        C        1       1
                cinit                              2C3C     2C3C       96      309       0
                idataBANK3                         2FF4     2FF4       5F     16E7       0
                idataBANK2                         3053     3053       5D     16E7       0
                idataBANK1                         30B0     30B0       5A     16E7       0
                idataBANK0                         2D50     2D50       7D      309       0

TOTAL           Name                               Link     Load   Length     Space
        CLASS   STACK          

        CLASS   CODE           
                init                                  0        0        4         0
                text28                             2F90     2F90       64         0
                text27                             3274     3274       18         0
                text26                             3258     3258       1C         0
                text25                             2232     2232      24E         0
                text24                             2CD2     2CD2       7E         0
                text23                             31B8     31B8       54         0
                text22                             28A4     28A4      10C         0
                text21                             3232     3232       26         0
                text20                             328C     328C       14         0
                text19                             2E46     2E46       74         0
                text18                             320C     320C       26         0
                text17                             2EBA     2EBA       6C         0
                text16                             25FA     25FA      15A         0
                text15                             2480     2480      17A         0
                text14                             32AA     32AA        A         0
                text13                             32A0     32A0        A         0
                text12                             2F26     2F26       6A         0
                text11                             2BA0     2BA0       9C         0
                text10                             1C2C     1C2C      3B8         0
                text9                              2AB4     2AB4       EC         0
                text8                              176C     176C      4C0         0
                text7                              29B0     29B0      104         0
                text6                              1FE4     1FE4      24E         0
                text5                              2DCE     2DCE       78         0
                text4                              310A     310A       58         0
                text3                              3162     3162       56         0
                text2                              2754     2754      150         0
                text1                               612      612      972         0
                text0                               F84      F84      7E8         0
                cinit                              2C3C     2C3C       96         0
                idataBANK3                         2FF4     2FF4       5F         0
                idataBANK2                         3053     3053       5D         0
                idataBANK1                         30B0     30B0       5A         0
                idataBANK0                         2D50     2D50       7D         0

        CLASS   CONST          

        CLASS   SMALLCONST     
                smallconst                          600      600       12         0

        CLASS   MEDIUMCONST    

        CLASS   COMRAM         
                cstackCOMRAM                          1        1       6E         1
                bssCOMRAM                            6F       6F        C         1

        CLASS   ABS1           

        CLASS   BIGRAM         

        CLASS   RAM            

        CLASS   BANK0          
                dataBANK0                            80       80       7D         1

        CLASS   BANK1          
                cstackBANK1                         100      100       92         1
                dataBANK1                           192      192       5A         1

        CLASS   BANK2          
                cstackBANK2                         200      200       A3         1
                dataBANK2                           2A3      2A3       5D         1

        CLASS   BANK3          
                dataBANK3                           300      300       5F         1

        CLASS   BANK4          

        CLASS   BANK5          

        CLASS   SFR            

        CLASS   CONFIG         
                config                           300000   300000        E         4

        CLASS   IDLOC          
                idloc                            200000   200000        8         5

        CLASS   EEDATA         

        CLASS   FARRAM         



SEGMENTS        Name                           Load    Length   Top    Selector   Space  Class

                reset_vec                      000000  000004  000004         0       0  CODE    
                cstackCOMRAM                   000001  00007A  00007B         1       1  COMRAM  
                dataBANK0                      000080  00007D  0000FD        80       1  BANK0   
                cstackBANK1                    000100  0000EC  0001EC       100       1  BANK1   
                cstackBANK2                    000200  000100  000300       200       1  BANK2   
                dataBANK3                      000300  00005F  00035F       300       1  BANK3   
                smallconst                     000600  000012  000612       300       0  SMALLCON
                text1                          000612  0027BB  002DCD       309       0  CODE    
                text5                          002DCE  0004E6  0032B4      16E7       0  CODE    


UNUSED ADDRESS RANGES

        Name                Unused          Largest block    Delta
        BANK0            0000FD-0000FF                3
        BANK1            0001EC-0001FF               14
        BANK3            00035F-0003FF               A1
        BANK4            000400-0004FF              100
        BANK5            000500-0005FF              100
        BIGRAM           00007B-00007F                5
                         0000FD-0000FF                3
                         0001EC-0001FF               14
                         00035F-0005FF              2A1
        CODE             000004-0005FF              5FC
                         002DCD-002DCD                1
                         0032B4-007FFF             4D4C
        COMRAM           00007B-00007F                5
        CONST            000004-0005FF              5FC
                         002DCD-002DCD                1
                         0032B4-007FFF             4D4C
        EEDATA           F00000-F000FF              100
        MEDIUMCONST      002DCD-002DCD                1
                         0032B4-007FFF             4D4C
        RAM              0000FD-0000FF                3
                         0001EC-0001FF               14
                         00035F-0005FF              100
        SFR              000F80-000FFF               80
        SMALLCONST       002DCD-002DCD                1
                         0032B4-007FFF              100
        STACK            00035F-0005FF              2A1

                                  Symbol Table

?___aldiv                cstackCOMRAM 000001
?___almod                cstackCOMRAM 00000F
?___fladd                cstackCOMRAM 000001
?___lwdiv                cstackCOMRAM 000001
?___wmul                 cstackCOMRAM 000001
?_kpRead                 cstackCOMRAM 000001
?_strcmp                 cstackCOMRAM 000001
Delay2ms@i               cstackCOMRAM 000002
Delay40us@i              cstackCOMRAM 000001
_Delay2ms                text26       003258
_Delay40us               text27       003274
_PORTA                   (abs)        000F80
_PORTB                   (abs)        000F81
_PORTC                   (abs)        000F82
_PORTD                   (abs)        000F83
_PORTE                   (abs)        000F84
_TRISA                   (abs)        000F92
_TRISB                   (abs)        000F93
_TRISC                   (abs)        000F94
_TRISD                   (abs)        000F95
_TRISE                   (abs)        000F96
__HRAM                   (abs)        000000
__Habs1                  abs1         000000
__Hbank0                 bank0        000000
__Hbank1                 bank1        000000
__Hbank2                 bank2        000000
__Hbank3                 bank3        000000
__Hbank4                 bank4        000000
__Hbank5                 bank5        000000
__Hbigbss                bigbss       000000
__Hbigdata               bigdata      000000
__Hbigram                bigram       000000
__Hbss                   bss          000000
__HbssCOMRAM             bssCOMRAM    000000
__Hcinit                 cinit        000000
__Hclrtext               clrtext      000000
__Hcomram                comram       000000
__Hconfig                config       30000E
__Hconst                 const        000000
__HcstackBANK1           cstackBANK1  000000
__HcstackBANK2           cstackBANK2  000000
__HcstackCOMRAM          cstackCOMRAM 000000
__Hdata                  data         000000
__HdataBANK0             dataBANK0    000000
__HdataBANK1             dataBANK1    000000
__HdataBANK2             dataBANK2    000000
__HdataBANK3             dataBANK3    000000
__Heeprom_data           eeprom_data  000000
__Hfarbss                farbss       000000
__Hfardata               fardata      000000
__Hibigdata              ibigdata     000000
__Hidata                 idata        000000
__HidataBANK0            idataBANK0   000000
__HidataBANK1            idataBANK1   000000
__HidataBANK2            idataBANK2   000000
__HidataBANK3            idataBANK3   000000
__Hidloc                 idloc        200008
__Hifardata              ifardata     000000
__Hinit                  init         000004
__Hintcode               intcode      000000
__Hintcode_body          intcode_body 000000
__Hintcodelo             intcodelo    000000
__Hintentry              intentry     000000
__Hintret                intret       000000
__Hintsave_regs          intsave_regs 000000
__Hirdata                irdata       000000
__Hmediumconst           mediumconst  000000
__HnvFARRAM              nvFARRAM     000000
__Hnvbit                 nvbit        000000
__Hnvrram                nvrram       000000
__Hparam                 rparam       000000
__Hpowerup               powerup      000000
__Hram                   ram          000000
__Hramtop                ramtop       000600
__Hrbit                  rbit         000000
__Hrbss                  rbss         000000
__Hrdata                 rdata        000000
__Hreset_vec             reset_vec    000000
__Hrparam                rparam       000000
__Hsfr                   sfr          000000
__Hsmallconst            smallconst   000612
__Hspace_0               (abs)        0032B4
__Hspace_1               (abs)        00035F
__Hspace_2               (abs)        000000
__Hspace_4               (abs)        60000E
__Hstack                 stack        000000
__Hstruct                struct       000000
__Htemp                  temp         000000
__Htext                  text         000000
__Htext0                 text0        000000
__Htext1                 text1        000000
__Htext10                text10       000000
__Htext11                text11       000000
__Htext12                text12       000000
__Htext13                text13       000000
__Htext14                text14       000000
__Htext15                text15       000000
__Htext16                text16       000000
__Htext17                text17       000000
__Htext18                text18       000000
__Htext19                text19       000000
__Htext2                 text2        000000
__Htext20                text20       000000
__Htext21                text21       000000
__Htext22                text22       000000
__Htext23                text23       000000
__Htext24                text24       000000
__Htext25                text25       000000
__Htext26                text26       000000
__Htext27                text27       000000
__Htext28                text28       000000
__Htext29                text29       000000
__Htext3                 text3        000000
__Htext4                 text4        000000
__Htext5                 text5        000000
__Htext6                 text6        000000
__Htext7                 text7        000000
__Htext8                 text8        000000
__Htext9                 text9        000000
__LRAM                   (abs)        000001
__Labs1                  abs1         000000
__Lbank0                 bank0        000000
__Lbank1                 bank1        000000
__Lbank2                 bank2        000000
__Lbank3                 bank3        000000
__Lbank4                 bank4        000000
__Lbank5                 bank5        000000
__Lbigbss                bigbss       000000
__Lbigdata               bigdata      000000
__Lbigram                bigram       000000
__Lbss                   bss          000000
__LbssCOMRAM             bssCOMRAM    000000
__Lcinit                 cinit        000000
__Lclrtext               clrtext      000000
__Lcomram                comram       000000
__Lconfig                config       000000
__Lconst                 const        000000
__LcstackBANK1           cstackBANK1  000000
__LcstackBANK2           cstackBANK2  000000
__LcstackCOMRAM          cstackCOMRAM 000000
__Ldata                  data         000000
__LdataBANK0             dataBANK0    000000
__LdataBANK1             dataBANK1    000000
__LdataBANK2             dataBANK2    000000
__LdataBANK3             dataBANK3    000000
__Leeprom_data           eeprom_data  000000
__Lfarbss                farbss       000000
__Lfardata               fardata      000000
__Libigdata              ibigdata     000000
__Lidata                 idata        000000
__LidataBANK0            idataBANK0   000000
__LidataBANK1            idataBANK1   000000
__LidataBANK2            idataBANK2   000000
__LidataBANK3            idataBANK3   000000
__Lidloc                 idloc        000000
__Lifardata              ifardata     000000
__Linit                  init         000000
__Lintcode               intcode      000000
__Lintcode_body          intcode_body 000000
__Lintcodelo             intcodelo    000000
__Lintentry              intentry     000000
__Lintret                intret       000000
__Lintsave_regs          intsave_regs 000000
__Lirdata                irdata       000000
__Lmediumconst           mediumconst  000000
__LnvFARRAM              nvFARRAM     000000
__Lnvbit                 nvbit        000000
__Lnvrram                nvrram       000000
__Lparam                 rparam       000000
__Lpowerup               powerup      000000
__Lram                   ram          000000
__Lramtop                ramtop       000600
__Lrbit                  rbit         000000
__Lrbss                  rbss         000000
__Lrdata                 rdata        000000
__Lreset_vec             reset_vec    000000
__Lrparam                rparam       000000
__Lsfr                   sfr          000000
__Lsmallconst            smallconst   000600
__Lspace_0               (abs)        000000
__Lspace_1               (abs)        000000
__Lspace_2               (abs)        000000
__Lspace_4               (abs)        000000
__Lstack                 stack        000000
__Lstruct                struct       000000
__Ltemp                  temp         000000
__Ltext                  text         000000
__Ltext0                 text0        000000
__Ltext1                 text1        000000
__Ltext10                text10       000000
__Ltext11                text11       000000
__Ltext12                text12       000000
__Ltext13                text13       000000
__Ltext14                text14       000000
__Ltext15                text15       000000
__Ltext16                text16       000000
__Ltext17                text17       000000
__Ltext18                text18       000000
__Ltext19                text19       000000
__Ltext2                 text2        000000
__Ltext20                text20       000000
__Ltext21                text21       000000
__Ltext22                text22       000000
__Ltext23                text23       000000
__Ltext24                text24       000000
__Ltext25                text25       000000
__Ltext26                text26       000000
__Ltext27                text27       000000
__Ltext28                text28       000000
__Ltext29                text29       000000
__Ltext3                 text3        000000
__Ltext4                 text4        000000
__Ltext5                 text5        000000
__Ltext6                 text6        000000
__Ltext7                 text7        000000
__Ltext8                 text8        000000
__Ltext9                 text9        000000
__S0                     (abs)        0032B4
__S1                     (abs)        00035F
__S2                     (abs)        000000
__S4                     (abs)        000000
__S5                     (abs)        000000
___aldiv                 text22       0028A4
___aldiv@counter         cstackCOMRAM 000009
___aldiv@dividend        cstackCOMRAM 000001
___aldiv@divisor         cstackCOMRAM 000005
___aldiv@quotient        cstackCOMRAM 00000B
___aldiv@sign            cstackCOMRAM 00000A
___almod                 text9        002AB4
___almod@counter         cstackCOMRAM 000017
___almod@dividend        cstackCOMRAM 00000F
___almod@divisor         cstackCOMRAM 000013
___almod@sign            cstackCOMRAM 000018
___fladd                 text8        00176C
___fladd@a               cstackCOMRAM 000005
___fladd@aexp            cstackCOMRAM 00000E
___fladd@b               cstackCOMRAM 000001
___fladd@bexp            cstackCOMRAM 00000F
___fladd@grs             cstackCOMRAM 000010
___fladd@signs           cstackCOMRAM 00000D
___flge                  text7        0029B0
___flge@ff1              cstackCOMRAM 000001
___flge@ff2              cstackCOMRAM 000005
___inthi_sp              stack        000000
___intlo_sp              stack        000000
___lwdiv                 text19       002E46
___lwdiv@counter         cstackCOMRAM 000007
___lwdiv@dividend        cstackCOMRAM 000001
___lwdiv@divisor         cstackCOMRAM 000003
___lwdiv@quotient        cstackCOMRAM 000005
___param_bank            (abs)        000000
___rparam_used           (abs)        000001
___sp                    stack        000000
___wmul                  text18       00320C
___wmul@multiplicand     cstackCOMRAM 000003
___wmul@multiplier       cstackCOMRAM 000001
___wmul@product          cstackCOMRAM 000005
__accesstop              (abs)        000080
__activetblptr           (abs)        000002
__end_of_Delay2ms        text26       003274
__end_of_Delay40us       text27       00328C
__end_of___aldiv         text22       0029B0
__end_of___almod         text9        002BA0
__end_of___fladd         text8        001C2C
__end_of___flge          text7        002AB4
__end_of___lwdiv         text19       002EBA
__end_of___wmul          text18       003232
__end_of__initialization cinit        002CC8
__end_of_abreTampa       text16       002754
__end_of_atraso_ms       text28       002FF4
__end_of_digitalWrite    text25       002480
__end_of_escolheComida   text10       001FE4
__end_of_escolheTempo    text1        000F84
__end_of_kpDebounce      text15       0025FA
__end_of_kpInit          text14       0032B4
__end_of_kpRead          text13       0032AA
__end_of_lcdCommand      text24       002D50
__end_of_lcdData         text23       00320C
__end_of_lcdInit         text5        002E46
__end_of_lcdPosition     text12       002F90
__end_of_main            text0        00176C
__end_of_pinMode         text6        002232
__end_of_pwmFrequency    text21       003258
__end_of_pwmInit         text20       0032A0
__end_of_pwmSet1         text17       002F26
__end_of_ssdDigit        text4        003162
__end_of_ssdInit         text3        0031B8
__end_of_ssdUpdate       text2        0028A4
__end_of_strcmp          text11       002C3C
__end_of_valor@ssd$F178  smallconst   000611
__initialization         cinit        002C3C
__mediumconst            mediumconst  000000
__pbssCOMRAM             bssCOMRAM    00006F
__pcinit                 cinit        002C3C
__pcstackBANK1           cstackBANK1  000100
__pcstackBANK2           cstackBANK2  000200
__pcstackCOMRAM          cstackCOMRAM 000001
__pdataBANK0             dataBANK0    000080
__pdataBANK1             dataBANK1    000192
__pdataBANK2             dataBANK2    0002A3
__pdataBANK3             dataBANK3    000300
__pidataBANK0            idataBANK0   002D50
__pidataBANK1            idataBANK1   0030B0
__pidataBANK2            idataBANK2   003053
__pidataBANK3            idataBANK3   002FF4
__psmallconst            smallconst   000600
__ptext0                 text0        000F84
__ptext1                 text1        000612
__ptext10                text10       001C2C
__ptext11                text11       002BA0
__ptext12                text12       002F26
__ptext13                text13       0032A0
__ptext14                text14       0032AA
__ptext15                text15       002480
__ptext16                text16       0025FA
__ptext17                text17       002EBA
__ptext18                text18       00320C
__ptext19                text19       002E46
__ptext2                 text2        002754
__ptext20                text20       00328C
__ptext21                text21       003232
__ptext22                text22       0028A4
__ptext23                text23       0031B8
__ptext24                text24       002CD2
__ptext25                text25       002232
__ptext26                text26       003258
__ptext27                text27       003274
__ptext28                text28       002F90
__ptext29                text29       000000
__ptext3                 text3        003162
__ptext4                 text4        00310A
__ptext5                 text5        002DCE
__ptext6                 text6        001FE4
__ptext7                 text7        0029B0
__ptext8                 text8        00176C
__ptext9                 text9        002AB4
__ramtop                 ramtop       000600
__size_of_Delay2ms       (abs)        000000
__size_of_Delay40us      (abs)        000000
__size_of___aldiv        (abs)        000000
__size_of___almod        (abs)        000000
__size_of___fladd        (abs)        000000
__size_of___flge         (abs)        000000
__size_of___lwdiv        (abs)        000000
__size_of___wmul         (abs)        000000
__size_of_abreTampa      (abs)        000000
__size_of_atraso_ms      (abs)        000000
__size_of_digitalWrite   (abs)        000000
__size_of_escolheComida  (abs)        000000
__size_of_escolheTempo   (abs)        000000
__size_of_kpDebounce     (abs)        000000
__size_of_kpInit         (abs)        000000
__size_of_kpRead         (abs)        000000
__size_of_lcdCommand     (abs)        000000
__size_of_lcdData        (abs)        000000
__size_of_lcdInit        (abs)        000000
__size_of_lcdPosition    (abs)        000000
__size_of_main           (abs)        000000
__size_of_pinMode        (abs)        000000
__size_of_pwmFrequency   (abs)        000000
__size_of_pwmInit        (abs)        000000
__size_of_pwmSet1        (abs)        000000
__size_of_ssdDigit       (abs)        000000
__size_of_ssdInit        (abs)        000000
__size_of_ssdUpdate      (abs)        000000
__size_of_strcmp         (abs)        000000
__smallconst             smallconst   000600
_abreTampa               text16       0025FA
_atraso_ms               text28       002F90
_digitalWrite            text25       002232
_display                 bssCOMRAM    000079
_escolheComida           text10       001C2C
_escolheTempo            text1        000612
_kpDebounce              text15       002480
_kpInit                  text14       0032AA
_kpRead                  text13       0032A0
_lcdCommand              text24       002CD2
_lcdData                 text23       0031B8
_lcdInit                 text5        002DCE
_lcdPosition             text12       002F26
_main                    text0        000F84
_pinMode                 text6        001FE4
_pwmFrequency            text21       003232
_pwmInit                 text20       00328C
_pwmSet1                 text17       002EBA
_ssdDigit                text4        00310A
_ssdInit                 text3        003162
_ssdUpdate               text2        002754
_strcmp                  text11       002BA0
_v0                      bssCOMRAM    000078
_v1                      bssCOMRAM    000077
_v2                      bssCOMRAM    000076
_v3                      bssCOMRAM    000075
_valor                   bssCOMRAM    000073
_valor@ssd$F178          smallconst   000601
abreTampa@F2950          dataBANK0    0000F0
abreTampa@F2952          dataBANK0    0000E3
abreTampa@F2954          dataBANK0    0000D5
abreTampa@i              cstackCOMRAM 000039
abreTampa@msg            cstackCOMRAM 00001F
abreTampa@msg2           cstackCOMRAM 00002C
abreTampa@msg3           cstackCOMRAM 000011
atraso_ms@i              cstackCOMRAM 000003
atraso_ms@j              cstackCOMRAM 000005
atraso_ms@k              cstackCOMRAM 000006
atraso_ms@t              cstackCOMRAM 000001
digitalWrite@pin         cstackCOMRAM 000001
digitalWrite@value       cstackCOMRAM 000003
end_of_initialization    cinit        002CC8
escolheComida@F2980      dataBANK0    0000C2
escolheComida@F2982      dataBANK0    000080
escolheComida@F2984      dataBANK0    0000AF
escolheComida@F2986      dataBANK0    000098
escolheComida@aux        cstackCOMRAM 000065
escolheComida@flag       cstackCOMRAM 000067
escolheComida@i          cstackCOMRAM 00006B
escolheComida@k          cstackCOMRAM 000064
escolheComida@msg3       cstackCOMRAM 00003E
escolheComida@msg3_312   cstackCOMRAM 00000F
escolheComida@msg3_314   cstackCOMRAM 000051
escolheComida@msg3_316   cstackCOMRAM 000027
escolheComida@tecla      cstackCOMRAM 000069
escolheTempo@F2964       dataBANK1    0001DD
escolheTempo@F2966       dataBANK1    0001C8
escolheTempo@F2968       dataBANK1    000192
escolheTempo@F2970       dataBANK3    000300
escolheTempo@aux         cstackBANK1  000182
escolheTempo@cont        cstackBANK1  00018C
escolheTempo@flag        cstackBANK1  000184
escolheTempo@foguinho    cstackBANK1  000100
escolheTempo@i           cstackBANK1  000190
escolheTempo@k           cstackBANK1  000180
escolheTempo@msg         cstackBANK1  00015C
escolheTempo@msg2        cstackBANK1  00016B
escolheTempo@msg3        cstackBANK1  000140
escolheTempo@tecla       cstackBANK1  00018A
escolheTempo@tempo       cstackBANK1  000186
intlevel0                text         000000
intlevel1                text         000000
intlevel2                text         000000
intlevel3                text         000000
isa$std                  (abs)        000001
isa$xinst                (abs)        000000
kpDebounce@i             cstackCOMRAM 00000A
kpDebounce@j             cstackCOMRAM 000009
kpDebounce@k             cstackCOMRAM 000007
kpDebounce@old_D         cstackCOMRAM 000006
kpDebounce@tempo         bssCOMRAM    00007A
kpDebounce@valorAntigo   bssCOMRAM    00006F
kpDebounce@valorNovo     bssCOMRAM    000071
lcdCommand@cmd           cstackCOMRAM 000008
lcdCommand@old_D         cstackCOMRAM 000007
lcdData@old_D            cstackCOMRAM 000008
lcdData@valor            cstackCOMRAM 000007
lcdPosition@coluna       cstackCOMRAM 000009
lcdPosition@comando      cstackCOMRAM 00000A
lcdPosition@linha        cstackCOMRAM 00000B
main@F2929               dataBANK3    000340
main@F2931               dataBANK2    0002D6
main@F2933               dataBANK2    0002C5
main@F2935               dataBANK2    0002B4
main@F2937               dataBANK2    0002A3
main@F2939               dataBANK1    0001AE
main@F2941               dataBANK2    0002F4
main@F2945               dataBANK2    0002E7
main@agradece            cstackBANK2  00027D
main@aux2                cstackBANK2  000296
main@aux3                cstackBANK2  00029A
main@b                   cstackBANK2  000230
main@f                   cstackBANK2  000241
main@final               cstackBANK2  000263
main@final2              cstackBANK2  00028A
main@fr                  cstackBANK2  00021F
main@i                   cstackBANK2  0002A2
main@k                   cstackBANK2  00029E
main@msg                 cstackBANK2  000200
main@op                  cstackBANK2  000298
main@s                   cstackBANK2  000252
main@tecla               cstackBANK2  00029C
pinMode@pin              cstackCOMRAM 000001
pinMode@type             cstackCOMRAM 000003
pwmFrequency@freq        cstackCOMRAM 00000F
pwmSet1@porcento         cstackCOMRAM 00000A
pwmSet1@val              cstackCOMRAM 00000B
ssdDigit@pos             cstackCOMRAM 000019
ssdDigit@val             cstackCOMRAM 00001A
stackhi                  (abs)        0005FF
stacklo                  (abs)        00035F
start                    init         000000
start_initialization     cinit        002C3C
strcmp@l                 cstackCOMRAM 000001
strcmp@r                 cstackCOMRAM 000004


MODULE INFORMATION

Module		Function		Class		Link	Load	Size
ssd.c
		_ssdInit       		CODE           	3162	0000	86
		_ssdDigit      		CODE           	310A	0000	88
		_ssdUpdate     		CODE           	2754	0000	336

ssd.c estimated size: 510

C:\Program Files\Microchip\xc8\v2.32\pic\sources\c99\common\sprcadd.c
		___fladd       		CODE           	176C	0000	1216

C:\Program Files\Microchip\xc8\v2.32\pic\sources\c99\common\sprcadd.c estimated size: 1216

delay.c
		_atraso_ms     		CODE           	2F90	0000	100

delay.c estimated size: 100

C:\Program Files\Microchip\xc8\v2.32\pic\sources\c99\common\aldiv.c
		___aldiv       		CODE           	28A4	0000	268

C:\Program Files\Microchip\xc8\v2.32\pic\sources\c99\common\aldiv.c estimated size: 268

keypad.c
		_kpInit        		CODE           	32AA	0000	10
		_kpDebounce    		CODE           	2480	0000	378
		_kpRead        		CODE           	32A0	0000	10

keypad.c estimated size: 398

io.c
		_digitalWrite  		CODE           	2232	0000	590
		_pinMode       		CODE           	1FE4	0000	590

io.c estimated size: 1180

newmain2.c
		_main          		CODE           	0F84	0000	2024
		_escolheTempo  		CODE           	0612	0000	2418
		_escolheComida 		CODE           	1C2C	0000	952
		_abreTampa     		CODE           	25FA	0000	346

newmain2.c estimated size: 5740

pwm.c
		_pwmInit       		CODE           	328C	0000	20
		_pwmSet1       		CODE           	2EBA	0000	108
		_pwmFrequency  		CODE           	3232	0000	38

pwm.c estimated size: 166

C:\Program Files\Microchip\xc8\v2.32\pic\sources\c99\common\Umul16.c
		___wmul        		CODE           	320C	0000	38

C:\Program Files\Microchip\xc8\v2.32\pic\sources\c99\common\Umul16.c estimated size: 38

shared
		__initialization		CODE           	2C3C	0000	140
		_valor@ssd$F178		SMALLCONST     	0601	0000	16

shared estimated size: 156

C:\Program Files\Microchip\xc8\v2.32\pic\sources\c99\common\almod.c
		___almod       		CODE           	2AB4	0000	236

C:\Program Files\Microchip\xc8\v2.32\pic\sources\c99\common\almod.c estimated size: 236

C:\Program Files\Microchip\xc8\v2.32\pic\sources\c99\common\lwdiv.c
		___lwdiv       		CODE           	2E46	0000	116

C:\Program Files\Microchip\xc8\v2.32\pic\sources\c99\common\lwdiv.c estimated size: 116

lcd.c
		_lcdCommand    		CODE           	2CD2	0000	126
		_lcdPosition   		CODE           	2F26	0000	106
		_Delay40us     		CODE           	3274	0000	24
		_lcdInit       		CODE           	2DCE	0000	120
		_lcdData       		CODE           	31B8	0000	84
		_Delay2ms      		CODE           	3258	0000	28

lcd.c estimated size: 488

C:\Program Files\Microchip\xc8\v2.32\pic\sources\c99\common\flge.c
		___flge        		CODE           	29B0	0000	260

C:\Program Files\Microchip\xc8\v2.32\pic\sources\c99\common\flge.c estimated size: 260

C:\Program Files\Microchip\xc8\v2.32\pic\sources\c99\common\strcmp.c
		_strcmp        		CODE           	2BA0	0000	156

C:\Program Files\Microchip\xc8\v2.32\pic\sources\c99\common\strcmp.c estimated size: 156

